ELF Header:
  Class:                             ELF64
  Data:                              little endian
  Version:                           1
  OS/ABI:                            0
  ABI Version:                       0
  Type:                              EXEC (Executable file)
  Machine:                           X86_64
  Entry point address:               0x4003e0
  Start of program headers:          64 (bytes into file)
  Start of section headers:          6648 (bytes into file)
  Flags:                             0x0
  Size of this header:               64 (bytes)
  Size of program headers:           56 (bytes)
  Number of program headers:         9
  Size of section headers:           64 (bytes)
  Number of section headers:         31
  Section header string table index: 28

Section Headers:
  [Nr] Name              Type            Addr     Off    Size   ES Flg Lk Inf Al
  [ 0]                   NULL            00000000 00000000 00000000 00   0  0   0  0
  [ 1] .interp           PROGBITS        00400238 00000238 0000001c 00   2  0   0  1
  [ 2] .note.ABI-tag     NOTE            00400254 00000254 00000020 00   2  0   0  4
  [ 3] .note.gnu.build-id NOTE            00400274 00000274 00000024 00   2  0   0  4
  [ 4] .gnu.hash         GNU_HASH        00400298 00000298 0000001c 00   2  5   0  8
  [ 5] .dynsym           DYNSYM          004002b8 000002b8 00000048 18   2  6   1  8
  [ 6] .dynstr           STRTAB          00400300 00000300 00000038 00   2  0   0  1
  [ 7] .gnu.version      VERSYM          00400338 00000338 00000006 02   2  5   0  2
  [ 8] .gnu.version_r    VERNEED         00400340 00000340 00000020 00   2  6   1  8
  [ 9] .rela.dyn         RELA            00400360 00000360 00000018 18   2  5   0  8
  [10] .rela.plt         RELA            00400378 00000378 00000018 18  66  5  24  8
  [11] .init             PROGBITS        00400390 00000390 0000001a 00   6  0   0  4
  [12] .plt              PROGBITS        004003b0 000003b0 00000020 10   6  0   0 16
  [13] .plt.got          PROGBITS        004003d0 000003d0 00000008 00   6  0   0  8
  [14] .text             PROGBITS        004003e0 000003e0 000001a2 00   6  0   0 16
  [15] .fini             PROGBITS        00400584 00000584 00000009 00   6  0   0  4
  [16] .rodata           PROGBITS        00400590 00000590 00000004 04  18  0   0  4
  [17] .eh_frame_hdr     PROGBITS        00400594 00000594 0000004c 00   2  0   0  4
  [18] .eh_frame         PROGBITS        004005e0 000005e0 00000154 00   2  0   0  8
  [19] .init_array       INIT_ARRAY      00600e10 00000e10 00000008 00   3  0   0  8
  [20] .fini_array       FINI_ARRAY      00600e18 00000e18 00000008 00   3  0   0  8
  [21] .jcr              PROGBITS        00600e20 00000e20 00000008 00   3  0   0  8
  [22] .dynamic          DYNAMIC         00600e28 00000e28 000001d0 10   3  6   0  8
  [23] .got              PROGBITS        00600ff8 00000ff8 00000008 08   3  0   0  8
  [24] .got.plt          PROGBITS        00601000 00001000 00000020 08   3  0   0  8
  [25] .data             PROGBITS        00601020 00001020 00000010 00   3  0   0  8
  [26] .bss              NOBITS          00601030 00001030 00000008 00   3  0   0  1
  [27] .comment          PROGBITS        00000000 00001030 00000034 01  48  0   0  1
  [28] .shstrtab         STRTAB          00000000 000018eb 0000010c 00   0  0   0  1
  [29] .symtab           SYMTAB          00000000 00001068 00000678 18   0 30  47  8
  [30] .strtab           STRTAB          00000000 000016e0 0000020b 00   0  0   0  1
Key to Flags:
  W (write), A (alloc), X (execute), M (merge), S (strings)
  I (info), L (link order), G (group), T (TLS), E (exclude), x (unknown)
  O (extra OS processing required) o (OS specific), p (processor specific)

Program Headers:
  Type           Offset   VirtAddr   PhysAddr   FileSiz MemSiz  Flg Align
  PHDR           0x0000000000000040 0x0000000000400040 0x0000000000400040 0x1f8 0x1f8 R E 8
  INTERP         0x0000000000000238 0x0000000000400238 0x0000000000400238 0x1c 0x1c R   1
  LOAD           0x0000000000000000 0x0000000000400000 0x0000000000400000 0x734 0x734 R E 200000
  LOAD           0x0000000000000e10 0x0000000000600e10 0x0000000000600e10 0x220 0x228 RW  200000
  DYNAMIC        0x0000000000000e28 0x0000000000600e28 0x0000000000600e28 0x1d0 0x1d0 RW  8
  NOTE           0x0000000000000254 0x0000000000400254 0x0000000000400254 0x44 0x44 R   4
  GNU_EH_FRAME   0x0000000000000594 0x0000000000400594 0x0000000000400594 0x4c 0x4c R   4
  GNU_STACK      0x0000000000000000 0x0000000000000000 0x0000000000000000 0x0 0x0 RW  10
  GNU_RELRO      0x0000000000000e10 0x0000000000600e10 0x0000000000600e10 0x1f0 0x1f0 R   1

Symbol table '.dynsym' contains 3 entries:
   Num:    Value  Size Type    Bind   Vis      Ndx Name
     0: 00000000     0 NOTYPE  LOCAL  DEFAULT  UND 
     1: 00000000     0 FUNC    GLOBAL DEFAULT  UND __libc_start_main
     2: 00000000     0 NOTYPE  WEAK   DEFAULT  UND __gmon_start__

Symbol table '.symtab' contains 69 entries:
   Num:    Value  Size Type    Bind   Vis      Ndx Name
     0: 00000000     0 NOTYPE  LOCAL  DEFAULT  UND 
     1: 00400238     0 SECTION LOCAL  DEFAULT    1 
     2: 00400254     0 SECTION LOCAL  DEFAULT    2 
     3: 00400274     0 SECTION LOCAL  DEFAULT    3 
     4: 00400298     0 SECTION LOCAL  DEFAULT    4 
     5: 004002b8     0 SECTION LOCAL  DEFAULT    5 
     6: 00400300     0 SECTION LOCAL  DEFAULT    6 
     7: 00400338     0 SECTION LOCAL  DEFAULT    7 
     8: 00400340     0 SECTION LOCAL  DEFAULT    8 
     9: 00400360     0 SECTION LOCAL  DEFAULT    9 
    10: 00400378     0 SECTION LOCAL  DEFAULT   10 
    11: 00400390     0 SECTION LOCAL  DEFAULT   11 
    12: 004003b0     0 SECTION LOCAL  DEFAULT   12 
    13: 004003d0     0 SECTION LOCAL  DEFAULT   13 
    14: 004003e0     0 SECTION LOCAL  DEFAULT   14 
    15: 00400584     0 SECTION LOCAL  DEFAULT   15 
    16: 00400590     0 SECTION LOCAL  DEFAULT   16 
    17: 00400594     0 SECTION LOCAL  DEFAULT   17 
    18: 004005e0     0 SECTION LOCAL  DEFAULT   18 
    19: 00600e10     0 SECTION LOCAL  DEFAULT   19 
    20: 00600e18     0 SECTION LOCAL  DEFAULT   20 
    21: 00600e20     0 SECTION LOCAL  DEFAULT   21 
    22: 00600e28     0 SECTION LOCAL  DEFAULT   22 
    23: 00600ff8     0 SECTION LOCAL  DEFAULT   23 
    24: 00601000     0 SECTION LOCAL  DEFAULT   24 
    25: 00601020     0 SECTION LOCAL  DEFAULT   25 
    26: 00601030     0 SECTION LOCAL  DEFAULT   26 
    27: 00000000     0 SECTION LOCAL  DEFAULT   27 
    28: 00000000     0 FILE    LOCAL  DEFAULT  ABS crtstuff.c
    29: 00600e20     0 OBJECT  LOCAL  DEFAULT   21 __JCR_LIST__
    30: 00400410     0 FUNC    LOCAL  DEFAULT   14 deregister_tm_clones
    31: 00400450     0 FUNC    LOCAL  DEFAULT   14 register_tm_clones
    32: 00400490     0 FUNC    LOCAL  DEFAULT   14 __do_global_dtors_aux
    33: 00601030     1 OBJECT  LOCAL  DEFAULT   26 completed.7585
    34: 00600e18     0 OBJECT  LOCAL  DEFAULT   20 __do_global_dtors_aux_fini_array_entry
    35: 004004b0     0 FUNC    LOCAL  DEFAULT   14 frame_dummy
    36: 00600e10     0 OBJECT  LOCAL  DEFAULT   19 __frame_dummy_init_array_entry
    37: 00000000     0 FILE    LOCAL  DEFAULT  ABS calls.c
    38: 00000000     0 FILE    LOCAL  DEFAULT  ABS crtstuff.c
    39: 00400730     0 OBJECT  LOCAL  DEFAULT   18 __FRAME_END__
    40: 00600e20     0 OBJECT  LOCAL  DEFAULT   21 __JCR_END__
    41: 00000000     0 FILE    LOCAL  DEFAULT  ABS 
    42: 00600e18     0 NOTYPE  LOCAL  DEFAULT   19 __init_array_end
    43: 00600e28     0 OBJECT  LOCAL  DEFAULT   22 _DYNAMIC
    44: 00600e10     0 NOTYPE  LOCAL  DEFAULT   19 __init_array_start
    45: 00400594     0 NOTYPE  LOCAL  DEFAULT   17 __GNU_EH_FRAME_HDR
    46: 00601000     0 OBJECT  LOCAL  DEFAULT   24 _GLOBAL_OFFSET_TABLE_
    47: 00400580     2 FUNC    GLOBAL DEFAULT   14 __libc_csu_fini
    48: 004004dd    17 FUNC    GLOBAL DEFAULT   14 f2
    49: 00000000     0 NOTYPE  WEAK   DEFAULT  UND _ITM_deregisterTMCloneTable
    50: 00601020     0 NOTYPE  WEAK   DEFAULT   25 data_start
    51: 00601030     0 NOTYPE  GLOBAL DEFAULT   25 _edata
    52: 00400584     0 FUNC    GLOBAL DEFAULT   15 _fini
    53: 00000000     0 FUNC    GLOBAL DEFAULT  UND __libc_start_main@@GLIBC_2.2.5
    54: 00601020     0 NOTYPE  GLOBAL DEFAULT   25 __data_start
    55: 004004d6     7 FUNC    GLOBAL DEFAULT   14 f3
    56: 00000000     0 NOTYPE  WEAK   DEFAULT  UND __gmon_start__
    57: 00601028     0 OBJECT  GLOBAL HIDDEN    25 __dso_handle
    58: 00400590     4 OBJECT  GLOBAL DEFAULT   16 _IO_stdin_used
    59: 004004ee    17 FUNC    GLOBAL DEFAULT   14 f1
    60: 00400510   101 FUNC    GLOBAL DEFAULT   14 __libc_csu_init
    61: 00601038     0 NOTYPE  GLOBAL DEFAULT   26 _end
    62: 004003e0    42 FUNC    GLOBAL DEFAULT   14 _start
    63: 00601030     0 NOTYPE  GLOBAL DEFAULT   26 __bss_start
    64: 004004ff    17 FUNC    GLOBAL DEFAULT   14 main
    65: 00000000     0 NOTYPE  WEAK   DEFAULT  UND _Jv_RegisterClasses
    66: 00601030     0 OBJECT  GLOBAL HIDDEN    25 __TMC_END__
    67: 00000000     0 NOTYPE  WEAK   DEFAULT  UND _ITM_registerTMCloneTable
    68: 00400390     0 FUNC    GLOBAL DEFAULT   11 _init

Instructions:
f3:
  0x4004d6	push	rbp
  0x4004d7	mov	rbp, rsp
  0x4004da	nop	
  0x4004db	pop	rbp
  0x4004dc	ret	
f2:
  0x4004dd	push	rbp
  0x4004de	mov	rbp, rsp
  0x4004e1	mov	eax, 0
  0x4004e6	call	0x4004d6
  0x4004eb	nop	
  0x4004ec	pop	rbp
  0x4004ed	ret	
f1:
  0x4004ee	push	rbp
  0x4004ef	mov	rbp, rsp
  0x4004f2	mov	eax, 0
  0x4004f7	call	0x4004dd
  0x4004fc	nop	
  0x4004fd	pop	rbp
  0x4004fe	ret	
main:
  0x4004ff	push	rbp
  0x400500	mov	rbp, rsp
  0x400503	mov	eax, 0
  0x400508	call	0x4004ee
  0x40050d	nop	
  0x40050e	pop	rbp
  0x40050f	ret	
