file header:
class: 32 bits
data: little-endian
version: 1
etype: executable
machine: arm
entry: 0x00010315
phoff: 52
shoff: 7092
flags: 83887106
ehsize: 52
phentsize: 32
phnum: 9
shentsize: 40
shnum: 30
shstrndx: 27

section header:
name: ; type: null; flags: 0; addr: 0x00000000; off: 0; size: 0; link: 0; info: 0; align: 0; entsize: 0
name: .interp; type: progbits; flags: 2; addr: 0x00010154; off: 340; size: 25; link: 0; info: 0; align: 1; entsize: 0
name: .note.ABI-tag; type: note; flags: 2; addr: 0x00010170; off: 368; size: 32; link: 0; info: 0; align: 4; entsize: 0
name: .note.gnu.build-id; type: note; flags: 2; addr: 0x00010190; off: 400; size: 36; link: 0; info: 0; align: 4; entsize: 0
name: .gnu.hash; type: gnu_hash; flags: 2; addr: 0x000101B4; off: 436; size: 44; link: 5; info: 0; align: 4; entsize: 4
name: .dynsym; type: dynsym; flags: 2; addr: 0x000101E0; off: 480; size: 80; link: 6; info: 1; align: 4; entsize: 16
name: .dynstr; type: strtab; flags: 2; addr: 0x00010230; off: 560; size: 65; link: 0; info: 0; align: 1; entsize: 0
name: .gnu.version; type: gnu_versym; flags: 2; addr: 0x00010272; off: 626; size: 10; link: 5; info: 0; align: 2; entsize: 2
name: .gnu.version_r; type: gnu_verneed; flags: 2; addr: 0x0001027C; off: 636; size: 32; link: 6; info: 1; align: 4; entsize: 0
name: .rel.dyn; type: rel; flags: 2; addr: 0x0001029C; off: 668; size: 8; link: 5; info: 0; align: 4; entsize: 8
name: .rel.plt; type: rel; flags: 66; addr: 0x000102A4; off: 676; size: 32; link: 5; info: 12; align: 4; entsize: 8
name: .init; type: progbits; flags: 6; addr: 0x000102C4; off: 708; size: 12; link: 0; info: 0; align: 4; entsize: 0
name: .plt; type: progbits; flags: 6; addr: 0x000102D0; off: 720; size: 68; link: 0; info: 0; align: 4; entsize: 4
name: .text; type: progbits; flags: 6; addr: 0x00010314; off: 788; size: 312; link: 0; info: 0; align: 4; entsize: 0
name: .fini; type: progbits; flags: 6; addr: 0x0001044C; off: 1100; size: 8; link: 0; info: 0; align: 4; entsize: 0
name: .rodata; type: progbits; flags: 2; addr: 0x00010454; off: 1108; size: 12; link: 0; info: 0; align: 4; entsize: 0
name: .ARM.exidx; type: arm_exidx; flags: 130; addr: 0x00010460; off: 1120; size: 8; link: 13; info: 0; align: 4; entsize: 0
name: .eh_frame; type: progbits; flags: 2; addr: 0x00010468; off: 1128; size: 4; link: 0; info: 0; align: 4; entsize: 0
name: .init_array; type: init_array; flags: 3; addr: 0x00020F0C; off: 3852; size: 4; link: 0; info: 0; align: 4; entsize: 0
name: .fini_array; type: fini_array; flags: 3; addr: 0x00020F10; off: 3856; size: 4; link: 0; info: 0; align: 4; entsize: 0
name: .jcr; type: progbits; flags: 3; addr: 0x00020F14; off: 3860; size: 4; link: 0; info: 0; align: 4; entsize: 0
name: .dynamic; type: dynamic; flags: 3; addr: 0x00020F18; off: 3864; size: 232; link: 6; info: 0; align: 4; entsize: 8
name: .got; type: progbits; flags: 3; addr: 0x00021000; off: 4096; size: 32; link: 0; info: 0; align: 4; entsize: 4
name: .data; type: progbits; flags: 3; addr: 0x00021020; off: 4128; size: 8; link: 0; info: 0; align: 4; entsize: 0
name: .bss; type: nobits; flags: 3; addr: 0x00021028; off: 4136; size: 4; link: 0; info: 0; align: 1; entsize: 0
name: .comment; type: progbits; flags: 48; addr: 0x00000000; off: 4136; size: 45; link: 0; info: 0; align: 1; entsize: 1
name: .ARM.attributes; type: arm_attributes; flags: 0; addr: 0x00000000; off: 4181; size: 53; link: 0; info: 0; align: 1; entsize: 0
name: .shstrtab; type: strtab; flags: 0; addr: 0x00000000; off: 4234; size: 266; link: 0; info: 0; align: 1; entsize: 0
name: .symtab; type: symtab; flags: 0; addr: 0x00000000; off: 4500; size: 1664; link: 29; info: 79; align: 4; entsize: 16
name: .strtab; type: strtab; flags: 0; addr: 0x00000000; off: 6164; size: 928; link: 0; info: 0; align: 1; entsize: 0

program header:
type: arm_exidx; off: 1120; vaddr: 0x00010460; addr: 0x00010460; filesz: 8; memsz: 8; flags: 4; align: 4
type: phdr; off: 52; vaddr: 0x00010034; addr: 0x00010034; filesz: 288; memsz: 288; flags: 5; align: 4
type: interp; off: 340; vaddr: 0x00010154; addr: 0x00010154; filesz: 25; memsz: 25; flags: 4; align: 1
type: load; off: 0; vaddr: 0x00010000; addr: 0x00010000; filesz: 1132; memsz: 1132; flags: 5; align: 65536
type: load; off: 3852; vaddr: 0x00020F0C; addr: 0x00020F0C; filesz: 284; memsz: 288; flags: 6; align: 65536
type: dynamic; off: 3864; vaddr: 0x00020F18; addr: 0x00020F18; filesz: 232; memsz: 232; flags: 6; align: 4
type: note; off: 368; vaddr: 0x00010170; addr: 0x00010170; filesz: 68; memsz: 68; flags: 4; align: 4
type: gnu_stack; off: 0; vaddr: 0x00000000; addr: 0x00000000; filesz: 0; memsz: 0; flags: 6; align: 16
type: gnu_relro; off: 3852; vaddr: 0x00020F0C; addr: 0x00020F0C; filesz: 244; memsz: 244; flags: 4; align: 1

symbol table:
name: ; value: 0; size: 0; type: notype; bind: local
name: ; value: 65876; size: 0; type: section; bind: local
name: ; value: 65904; size: 0; type: section; bind: local
name: ; value: 65936; size: 0; type: section; bind: local
name: ; value: 65972; size: 0; type: section; bind: local
name: ; value: 66016; size: 0; type: section; bind: local
name: ; value: 66096; size: 0; type: section; bind: local
name: ; value: 66162; size: 0; type: section; bind: local
name: ; value: 66172; size: 0; type: section; bind: local
name: ; value: 66204; size: 0; type: section; bind: local
name: ; value: 66212; size: 0; type: section; bind: local
name: ; value: 66244; size: 0; type: section; bind: local
name: ; value: 66256; size: 0; type: section; bind: local
name: ; value: 66324; size: 0; type: section; bind: local
name: ; value: 66636; size: 0; type: section; bind: local
name: ; value: 66644; size: 0; type: section; bind: local
name: ; value: 66656; size: 0; type: section; bind: local
name: ; value: 66664; size: 0; type: section; bind: local
name: ; value: 134924; size: 0; type: section; bind: local
name: ; value: 134928; size: 0; type: section; bind: local
name: ; value: 134932; size: 0; type: section; bind: local
name: ; value: 134936; size: 0; type: section; bind: local
name: ; value: 135168; size: 0; type: section; bind: local
name: ; value: 135200; size: 0; type: section; bind: local
name: ; value: 135208; size: 0; type: section; bind: local
name: ; value: 0; size: 0; type: section; bind: local
name: ; value: 0; size: 0; type: section; bind: local
name: /usr/lib/gcc-cross/arm-linux-gnueabihf/5/../../../../arm-linux-gnueabihf/lib/../lib/crt1.o; value: 0; size: 0; type: file; bind: local
name: $d; value: 65904; size: 0; type: notype; bind: local
name: $t; value: 66324; size: 0; type: notype; bind: local
name: $d; value: 66656; size: 0; type: notype; bind: local
name: $d; value: 66360; size: 0; type: notype; bind: local
name: $d; value: 66644; size: 0; type: notype; bind: local
name: $d; value: 135200; size: 0; type: notype; bind: local
name: /usr/lib/gcc-cross/arm-linux-gnueabihf/5/../../../../arm-linux-gnueabihf/lib/../lib/crti.o; value: 0; size: 0; type: file; bind: local
name: $a; value: 66372; size: 0; type: notype; bind: local
name: call_weak_fn; value: 66372; size: 0; type: func; bind: local
name: $d; value: 66400; size: 0; type: notype; bind: local
name: $a; value: 66244; size: 0; type: notype; bind: local
name: $a; value: 66636; size: 0; type: notype; bind: local
name: /usr/lib/gcc-cross/arm-linux-gnueabihf/5/../../../../arm-linux-gnueabihf/lib/../lib/crtn.o; value: 0; size: 0; type: file; bind: local
name: $a; value: 66252; size: 0; type: notype; bind: local
name: $a; value: 66640; size: 0; type: notype; bind: local
name: crtstuff.c; value: 0; size: 0; type: file; bind: local
name: __JCR_LIST__; value: 134932; size: 0; type: object; bind: local
name: $t; value: 66408; size: 0; type: notype; bind: local
name: deregister_tm_clones; value: 66409; size: 0; type: func; bind: local
name: $d; value: 66440; size: 0; type: notype; bind: local
name: $t; value: 66444; size: 0; type: notype; bind: local
name: register_tm_clones; value: 66445; size: 0; type: func; bind: local
name: $d; value: 135204; size: 0; type: notype; bind: local
name: __do_global_dtors_aux; value: 66489; size: 0; type: func; bind: local
name: completed.9878; value: 135208; size: 1; type: object; bind: local
name: $d; value: 134928; size: 0; type: notype; bind: local
name: __do_global_dtors_aux_fini_array_entry; value: 134928; size: 0; type: object; bind: local
name: frame_dummy; value: 66513; size: 0; type: func; bind: local
name: $d; value: 134924; size: 0; type: notype; bind: local
name: __frame_dummy_init_array_entry; value: 134924; size: 0; type: object; bind: local
name: $d; value: 135208; size: 0; type: notype; bind: local
name: a.c; value: 0; size: 0; type: file; bind: local
name: $d; value: 66648; size: 0; type: notype; bind: local
name: $t; value: 66548; size: 0; type: notype; bind: local
name: elf-init.oS; value: 0; size: 0; type: file; bind: local
name: $t; value: 66572; size: 0; type: notype; bind: local
name: $d; value: 66624; size: 0; type: notype; bind: local
name: $t; value: 66632; size: 0; type: notype; bind: local
name: crtstuff.c; value: 0; size: 0; type: file; bind: local
name: $d; value: 66664; size: 0; type: notype; bind: local
name: __FRAME_END__; value: 66664; size: 0; type: object; bind: local
name: $d; value: 134932; size: 0; type: notype; bind: local
name: __JCR_END__; value: 134932; size: 0; type: object; bind: local
name: ; value: 0; size: 0; type: file; bind: local
name: __init_array_end; value: 134928; size: 0; type: notype; bind: local
name: _DYNAMIC; value: 134936; size: 0; type: object; bind: local
name: __init_array_start; value: 134924; size: 0; type: notype; bind: local
name: _GLOBAL_OFFSET_TABLE_; value: 135168; size: 0; type: object; bind: local
name: $a; value: 66256; size: 0; type: notype; bind: local
name: $d; value: 66272; size: 0; type: notype; bind: local
name: $a; value: 66276; size: 0; type: notype; bind: local
name: __libc_csu_fini; value: 66633; size: 2; type: func; bind: global
name: _ITM_deregisterTMCloneTable; value: 0; size: 0; type: notype; bind: weak
name: data_start; value: 135200; size: 0; type: notype; bind: weak
name: __bss_start__; value: 135208; size: 0; type: notype; bind: global
name: _bss_end__; value: 135212; size: 0; type: notype; bind: global
name: _edata; value: 135208; size: 0; type: notype; bind: global
name: _fini; value: 66636; size: 0; type: func; bind: global
name: __bss_end__; value: 135212; size: 0; type: notype; bind: global
name: __data_start; value: 135200; size: 0; type: notype; bind: global
name: puts@@GLIBC_2.4; value: 0; size: 0; type: func; bind: global
name: __libc_start_main@@GLIBC_2.4; value: 0; size: 0; type: func; bind: global
name: __gmon_start__; value: 0; size: 0; type: notype; bind: weak
name: __dso_handle; value: 135204; size: 0; type: object; bind: global
name: _IO_stdin_used; value: 66644; size: 4; type: object; bind: global
name: __libc_csu_init; value: 66573; size: 60; type: func; bind: global
name: _end; value: 135212; size: 0; type: notype; bind: global
name: _start; value: 66325; size: 0; type: func; bind: global
name: __end__; value: 135212; size: 0; type: notype; bind: global
name: __bss_start; value: 135208; size: 0; type: notype; bind: global
name: main; value: 66549; size: 22; type: func; bind: global
name: _Jv_RegisterClasses; value: 0; size: 0; type: notype; bind: weak
name: __TMC_END__; value: 135208; size: 0; type: object; bind: global
name: _ITM_registerTMCloneTable; value: 0; size: 0; type: notype; bind: weak
name: abort@@GLIBC_2.4; value: 0; size: 0; type: func; bind: global
name: _init; value: 66244; size: 0; type: func; bind: global

dynamic symbol table:
name: ; value: 0; size: 0; type: notype; bind: local
name: __gmon_start__; value: 0; size: 0; type: notype; bind: weak
name: puts; value: 0; size: 0; type: func; bind: global
name: abort; value: 0; size: 0; type: func; bind: global
name: __libc_start_main; value: 0; size: 0; type: func; bind: global
